cabrec_numrecibo clientecodigo clienterazonsocial                                           operacioncodigo monedacodigo cabrec_ingsal detrec_emisioncheque detrec_tipodoc_concepto detrec_numdocumento detrec_monedacancela detrec_importesoles                                   detrec_importedolares                                 detrec_fechacancela                                    
---------------- ------------- ------------------------------------------------------------ --------------- ------------ ------------- -------------------- ----------------------- ------------------- -------------------- ----------------------------------------------------- ----------------------------------------------------- ------------------------------------------------------ 
200624           20289364600   MAELSA SA                                                    01              01           E             B                    01                      00200001552         01                   31.18                                                 8.9085714285714293                                    2003-02-21 00:00:00.000
201318           10073193350   FIDEL DJALMA TORRES ZEVALLOS                                 01              01           E             B                    01                      00200030551         01                   100.0                                                 28.710881424059718                                    2003-02-26 00:00:00.000
201732           10074383977   MARGARITA JUNCHAYA DE ROBLES                                 01              01           E             B                    01                      00100060203         01                   130.0                                                 37.23861357777141                                     2003-02-01 00:00:00.000
201733           10097875486   JOSE D. ZEVALLOS SANCHEZ                                     01              01           E             B                    03                      00200001012         01                   10.0                                                  2.8645087367516471                                    2003-02-01 00:00:00.000
201734           20131380951   MUNICIPALIDAD METROPOLITANA DE LIMA                          01              01           E             B                    03                      H0000388168         01                   4.0                                                   1.1458034947006588                                    2003-02-01 00:00:00.000
201735           20131380951   MUNICIPALIDAD METROPOLITANA DE LIMA                          01              01           E             B                    03                      H00329948           01                   4.0                                                   1.1458034947006588                                    2003-02-01 00:00:00.000
201736           20131380951   MUNICIPALIDAD METROPOLITANA DE LIMA                          01              01           E             B                    03                      H00353144           01                   4.0                                                   1.1458034947006588                                    2003-02-01 00:00:00.000
201737           10101280921   HUMBERTO CHAMORRO RAMOS                                      01              01           E             B                    01                      00200002482         01                   8.5                                                   2.4348324262388998                                    2003-02-01 00:00:00.000
201738           20425803680   ESTACION DE SERVICIOS ESTEL SAC                              01              01           E             B                    01                      00100186462         01                   40.0                                                  11.458034947006588                                    2003-02-01 00:00:00.000
201739           20499309253   CELLTRONIC PERU S.A.C.                                       01              01           E             B                    01                      00100000371         01                   102.98                                                29.498710971068462                                    2003-02-01 00:00:00.000
201740           15503592808   EDGAR AUSBERTO CHUQUIMAJO BUITRON                            01              01           E             B                    02                      00100000049         01                   140.0                                                 40.103122314523056                                    2003-02-01 00:00:00.000
201741           10092474637   TOMAS ZAVALA JUAREZ                                          01              01           E             B                    01                      00400065984         01                   100.0                                                 28.645087367516471                                    2003-02-01 00:00:00.000
201742           10090128022   REYNALDO ALVA SAMANEZ.                                       01              01           E             B                    03                      00100001587         01                   3.5                                                   1.0045924225028702                                    2003-02-03 00:00:00.000
201743           20131380951   MUNICIPALIDAD METROPOLITANA DE LIMA                          01              01           E             B                    03                      H00357294           01                   4.0                                                   1.1481056257175659                                    2003-02-03 00:00:00.000
201744           20301143029   EL SEÑORIAL E.I.R.L                                          01              01           E             B                    01                      00100009816         01                   26.0                                                  7.4648291702555269                                    2003-02-04 00:00:00.000
201745           20425803680   ESTACION DE SERVICIOS ESTEL SAC                              01              01           E             B                    01                      00100190335         01                   100.0                                                 28.710881424059718                                    2003-02-04 00:00:00.000
201746           10084607768   FRANCISCO TOMATEO RIOS                                       01              01           E             B                    01                      00200035487         01                   25.0                                                  7.1777203560149294                                    2003-02-04 00:00:00.000
201747           20473935407   ESTACION DE SERVCIO LOS OLIVOS S.A.C.                        01              01           E             B                    01                      00100026966         01                   100.0                                                 28.710881424059718                                    2003-02-04 00:00:00.000
201749           20100152356   SEDAPAL                                                      01              01           E             B                    14                      37155790217         01                   67.0                                                  19.236290554120011                                    2003-02-04 00:00:00.000
201750           20100152356   SEDAPAL                                                      01              01           E             B                    14                      37155790225         01                   74.5                                                  21.389606660924489                                    2003-02-04 00:00:00.000
201752           20131380951   MUNICIPALIDAD METROPOLITANA DE LIMA                          01              01           E             B                    03                      H00392582           01                   4.0                                                   1.1484352569623888                                    2003-02-04 00:00:00.000
201753           20131380951   MUNICIPALIDAD METROPOLITANA DE LIMA                          01              01           E             B                    03                      H00363288           01                   4.0                                                   1.1484352569623888                                    2003-02-04 00:00:00.000
201754           20263977158   IMPORTACIONES Y EXPORTACIONES SELVA S.A.                     01              01           E             B                    01                      00100121747         01                   50.0                                                  14.322543683758235                                    2003-02-04 00:00:00.000
201788           20462327049   GPB  DURAN EIRL                                              01              01           E             B                    01                      00200002190         01                   20.0                                                  5.7323015190599031                                    2003-02-11 00:00:00.000
201789           20100272688   EMPAQUTADURAS  Y ELEMENTOS INDUSTRIALES SRL                  01              01           E             B                    01                      00200059919         01                   45.0                                                  12.897678417884782                                    2003-02-11 00:00:00.000
201790           20264173508   SERVICENTRO FIALSA SAC                                       01              01           E             B                    01                      00300040375         01                   20.0                                                  5.7323015190599031                                    2003-02-11 00:00:00.000
201791           10090128022   REYNALDO ALVA SAMANEZ.                                       01              01           E             B                    03                      00100001594         01                   1.8999999999999999                                    0.54456864431069074                                   2003-02-11 00:00:00.000
201792           10090128022   REYNALDO ALVA SAMANEZ.                                       01              01           E             B                    03                      00100001589         01                   1.8999999999999999                                    0.54456864431069074                                   2003-02-11 00:00:00.000
201793           10102946052   FRANCISCO E.ALAYO MIRANDA                                    01              01           E             B                    03                      00100006904         01                   2.5                                                   0.71653768988248789                                   2003-02-11 00:00:00.000
201794           10084672594   ROSA FLORES GUTIERREZ                                        01              01           E             B                    03                      00100017193         01                   7.2000000000000002                                    2.0636285468615649                                    2003-02-11 00:00:00.000
201795           10090128022   REYNALDO ALVA SAMANEZ.                                       01              01           E             B                    01                      00100001582         01                   2.7000000000000002                                    0.77386070507308691                                   2003-02-11 00:00:00.000
201796           10090128022   REYNALDO ALVA SAMANEZ.                                       01              01           E             B                    03                      00100001584         01                   5.4000000000000004                                    1.5477214101461738                                    2003-02-11 00:00:00.000
201797           10084672594   ROSA FLORES GUTIERREZ                                        01              01           E             B                    03                      00100017172         01                   5.0                                                   1.4330753797649758                                    2003-02-11 00:00:00.000
201798           20131380951   MUNICIPALIDAD METROPOLITANA DE LIMA                          01              01           E             B                    03                      H00416181           01                   4.0                                                   1.1464603038119805                                    2003-02-11 00:00:00.000
201799           20131380951   MUNICIPALIDAD METROPOLITANA DE LIMA                          01              01           E             B                    03                      H00415301           01                   4.0                                                   1.1464603038119805                                    2003-02-11 00:00:00.000
201800           15504661595   RAMOS REYES JUSTO HUMBERTO                                   01              01           E             B                    02                      00100000007         01                   140.0                                                 40.126110633419316                                    2003-02-11 00:00:00.000
201801           10068465864   ROMULO D. RAFAELLE BARBOZA                                   01              01           E             B                    01                      00200000530         01                   63.719999999999999                                    18.263112639724849                                    2003-02-11 00:00:00.000
201802           20131380951   MUNICIPALIDAD METROPOLITANA DE LIMA                          01              01           E             B                    03                      H00378622           01                   4.0                                                   1.1464603038119805                                    2003-02-11 00:00:00.000
201803           20131380951   MUNICIPALIDAD METROPOLITANA DE LIMA                          01              01           E             B                    03                      H00420160           01                   4.0                                                   1.1464603038119805                                    2003-02-11 00:00:00.000
201804           20425803680   ESTACION DE SERVICIOS ESTEL SAC                              01              01           E             B                    01                      00100191755         01                   100.0                                                 28.702640642939151                                    2003-02-12 00:00:00.000
201805           10082193605   ANA MARIA ALZAMORA TORRES                                    01              01           E             B                    01                      00200014362         01                   4.0                                                   1.1481056257175659                                    2003-02-12 00:00:00.000
201806           20302629219   BOTICA TORRES DE LIMATAMBO.                                  01              01           E             B                    01                      05700004480         01                   107.45                                                30.840987370838118                                    2003-02-12 00:00:00.000
201807           20302629219   BOTICA TORRES DE LIMATAMBO.                                  01              01           E             B                    01                      05700004481         01                   27.440000000000001                                    7.8760045924225031                                    2003-02-12 00:00:00.000
201808           20475363834   RODAMIENTOS ESPECIALES E.I.R.L.                              01              01           E             B                    01                      00100001006         01                   40.0                                                  11.481056257175661                                    2003-02-12 00:00:00.000
201809           10074383977   MARGARITA JUNCHAYA DE ROBLES                                 01              01           E             B                    01                      00100060412         01                   100.0                                                 28.702640642939151                                    2003-02-12 00:00:00.000
201810           20131380951   MUNICIPALIDAD METROPOLITANA DE LIMA                          01              01           E             B                    03                      H00424728           01                   4.0                                                   1.1481056257175659                                    2003-02-12 00:00:00.000
201811           20131380951   MUNICIPALIDAD METROPOLITANA DE LIMA                          01              01           E             B                    03                      H00423063           01                   4.0                                                   1.1481056257175659                                    2003-02-12 00:00:00.000
201812           20131380951   MUNICIPALIDAD METROPOLITANA DE LIMA                          01              01           E             B                    03                      H00370849           01                   4.0                                                   1.1481056257175659                                    2003-02-12 00:00:00.000
201813           20131380951   MUNICIPALIDAD METROPOLITANA DE LIMA                          01              01           E             B                    03                      H00408418           01                   4.0                                                   1.1481056257175659                                    2003-02-12 00:00:00.000
201814           20131380951   MUNICIPALIDAD METROPOLITANA DE LIMA                          01              01           E             B                    03                      H00415531           01                   4.0                                                   1.1481056257175659                                    2003-02-12 00:00:00.000
201815           20131380951   MUNICIPALIDAD METROPOLITANA DE LIMA                          01              01           E             B                    03                      H00416470           01                   4.0                                                   1.1481056257175659                                    2003-02-12 00:00:00.000
201816           20131380951   MUNICIPALIDAD METROPOLITANA DE LIMA                          01              01           E             B                    03                      A00377098           01                   1.5                                                   0.43053960964408727                                   2003-02-12 00:00:00.000
201817           10090128022   REYNALDO ALVA SAMANEZ.                                       01              01           E             B                    03                      00100001595         01                   3.7000000000000002                                    1.0619977037887487                                    2003-02-13 00:00:00.000
201818           20301143029   EL SEÑORIAL E.I.R.L                                          01              01           E             B                    01                      00100009841         01                   26.0                                                  7.4626865671641793                                    2003-02-13 00:00:00.000
201819           20100043654   COMERCIALIZADORA MURSAL S.A.C.                               01              01           E             B                    01                      00200053172         01                   18.699999999999999                                    5.3797468354430382                                    2003-02-13 00:00:00.000
201820           20131380951   MUNICIPALIDAD METROPOLITANA DE LIMA                          01              01           E             B                    03                      H00430297           01                   4.0                                                   1.1481056257175659                                    2003-02-13 00:00:00.000
201821           20131380951   MUNICIPALIDAD METROPOLITANA DE LIMA                          01              01           E             B                    03                      H00419236           01                   4.0                                                   1.1481056257175659                                    2003-02-13 00:00:00.000
201822           20463909114   JOSE MANUEL E.I.R.L.                                         01              01           E             B                    01                      00100023145         01                   100.0                                                 28.653295128939828                                    2003-02-14 00:00:00.000
201823           10084672594   ROSA FLORES GUTIERREZ                                        01              01           E             B                    03                      00100017259         01                   2.5                                                   0.7163323782234956                                    2003-02-14 00:00:00.000
201824           10096275582   ELIZABETH YNOCENTE CASTILLEJO                                01              01           E             B                    03                      00200007712         01                   6.2999999999999998                                    1.8051575931232091                                    2003-02-14 00:00:00.000
201825           10074383977   MARGARITA JUNCHAYA DE ROBLES                                 01              01           E             B                    01                      00100060463         01                   100.0                                                 28.653295128939828                                    2003-02-14 00:00:00.000
201826           20131380951   MUNICIPALIDAD METROPOLITANA DE LIMA                          01              01           E             B                    03                      H00418732           01                   4.0                                                   1.1461318051575931                                    2003-02-14 00:00:00.000
201827           20131380951   MUNICIPALIDAD METROPOLITANA DE LIMA                          01              01           E             B                    03                      H00419311           01                   4.0                                                   1.1461318051575931                                    2003-02-14 00:00:00.000
201828           20131380951   MUNICIPALIDAD METROPOLITANA DE LIMA                          01              01           E             B                    03                      H00419497           01                   4.0                                                   1.1461318051575931                                    2003-02-14 00:00:00.000
201829           20131380951   MUNICIPALIDAD METROPOLITANA DE LIMA                          01              01           E             B                    03                      H00430648           01                   4.0                                                   1.1461318051575931                                    2003-02-14 00:00:00.000
201830           20473935407   ESTACION DE SERVCIO LOS OLIVOS S.A.C.                        01              01           E             B                    01                      00100027344         01                   100.0                                                 28.653295128939828                                    2003-02-15 00:00:00.000
201831           17330984309   LUBRICENTRO LAS VEGAS                                        01              01           E             B                    01                      00100001258         01                   150.0                                                 42.97994269340974                                     2003-02-15 00:00:00.000
201832           20501817661   COMERCIAL K.M.K. S.A.C. IMPORTACIONES Y SERVICIOS            01              01           E             B                    01                      00100000231         01                   108.0                                                 30.945558739255013                                    2003-02-15 00:00:00.000
201833           10090128022   REYNALDO ALVA SAMANEZ.                                       01              01           E             B                    03                      00100001596         01                   1.8999999999999999                                    0.54441260744985664                                   2003-02-15 00:00:00.000
201834           20131380951   MUNICIPALIDAD METROPOLITANA DE LIMA                          01              01           E             B                    03                      H00420871           01                   4.0                                                   1.1461318051575931                                    2003-02-15 00:00:00.000
201835           20131380951   MUNICIPALIDAD METROPOLITANA DE LIMA                          01              01           E             B                    03                      H00413844           01                   4.0                                                   1.1461318051575931                                    2003-02-15 00:00:00.000
201836           20131380951   MUNICIPALIDAD METROPOLITANA DE LIMA                          01              01           E             B                    03                      H00412890           01                   4.0                                                   1.1461318051575931                                    2003-02-15 00:00:00.000
201837           10106906659   ESTEBAN POLO MILLA                                           01              01           E             B                    01                      00100007240         01                   137.0                                                 39.311334289813487                                    2003-02-17 00:00:00.000
201838           10084607768   FRANCISCO TOMATEO RIOS                                       01              01           E             B                    01                      00200035813         01                   100.0                                                 28.694404591104735                                    2003-02-17 00:00:00.000
201839           20291490388   PETROSUR S.A.C.                                              01              01           E             B                    01                      00100279808         01                   100.0                                                 28.694404591104735                                    2003-02-17 00:00:00.000
201840           20427140467   SERV. PIZARRO SAC                                            01              01           E             B                    12                      30000802266         01                   118.5                                                 34.002869440459115                                    2003-02-17 00:00:00.000
201841           20131380951   MUNICIPALIDAD METROPOLITANA DE LIMA                          01              01           E             B                    03                      H00422901           01                   4.0                                                   1.1477761836441893                                    2003-02-17 00:00:00.000
201842           10402781560   TORRE ALVAREZ CONSTANTINO                                    01              01           E             B                    01                      00100000475         01                   54.0                                                  15.508328546812177                                    2003-02-18 00:00:00.000
201843           20501429903   NEX DIGITAL SYSTEM S.A.C.                                    01              02           E             B                    01                      00100000731         02                   69.640000000000001                                    20.0                                                  2003-02-18 00:00:00.000
201844           20501429903   NEX DIGITAL SYSTEM S.A.C.                                    01              01           E             B                    01                      00100000731         01                   31.300000000000001                                    8.9994249568717652                                    2003-02-18 00:00:00.000
201845           20101359582   FILAMER YRUPAILLA SA RECOFISA                                01              01           E             B                    01                      00100052282         01                   650.0                                                 186.88901667625072                                    2003-02-18 00:00:00.000
201846           10074383977   MARGARITA JUNCHAYA DE ROBLES                                 01              01           E             B                    01                      00100060526         01                   100.0                                                 28.719126938541066                                    2003-02-18 00:00:00.000
201847           15503592808   EDGAR AUSBERTO CHUQUIMAJO BUITRON                            01              01           E             B                    02                      00100000052         01                   120.0                                                 34.46295232624928                                     2003-02-18 00:00:00.000
201848           20131380951   MUNICIPALIDAD METROPOLITANA DE LIMA                          01              01           E             B                    03                      H00403881           01                   4.0                                                   1.1487650775416427                                    2003-02-18 00:00:00.000
201849           20131380951   MUNICIPALIDAD METROPOLITANA DE LIMA                          01              01           E             B                    03                      H00432589           01                   4.0                                                   1.1487650775416427                                    2003-02-18 00:00:00.000
201850           20471091911   NEGOCIACIONES F.A.P.  E.I.R.L.                               01              01           E             B                    01                      00100041240         01                   20.0                                                  5.7438253877082133                                    2003-02-18 00:00:00.000
201851           20100107563   VIUDA DE MRIATEGUI E EHIJOS S.A.                             01              01           E             B                    01                      10200088465         01                   32.960000000000001                                    9.4658242389431351                                    2003-02-18 00:00:00.000
201852           10096275582   ELIZABETH YNOCENTE CASTILLEJO                                01              01           E             B                    03                      00200007709         01                   4.5                                                   1.2923607122343479                                    2003-02-18 00:00:00.000
201853           20109072177   HIPERMERCADOS METRO SA                                       01              01           E             B                    12                      3400000140          01                   37.490000000000002                                    10.766800689259046                                    2003-02-18 00:00:00.000
201854           20504263780   AUTOMARKET DEL PERU S.A.                                     01              01           E             B                    12                      00005508056         01                   10.0                                                  2.8719126938541066                                    2003-02-18 00:00:00.000
201856           10074383977   MARGARITA JUNCHAYA DE ROBLES                                 01              01           E             B                    01                      00100060554         01                   100.0                                                 28.735632183908045                                    2003-02-19 00:00:00.000
201857           10107988900   JUAN ALBERTO JOAQUIN ALONZO                                  01              01           E             B                    01                      00300000206         01                   141.59999999999999                                    40.689655172413794                                    2003-02-19 00:00:00.000
201858           10107988900   JUAN ALBERTO JOAQUIN ALONZO                                  01              01           E             B                    01                      00100000207         01                   129.80000000000001                                    37.298850574712645                                    2003-02-19 00:00:00.000
201859           20131380951   MUNICIPALIDAD METROPOLITANA DE LIMA                          01              01           E             B                    03                      H00434733           01                   4.0                                                   1.1494252873563218                                    2003-02-19 00:00:00.000
201860           20131380951   MUNICIPALIDAD METROPOLITANA DE LIMA                          01              01           E             B                    03                      H00429963           01                   4.0                                                   1.1494252873563218                                    2003-02-19 00:00:00.000
201861           20131380951   MUNICIPALIDAD METROPOLITANA DE LIMA                          01              01           E             B                    03                      H00433569           01                   4.0                                                   1.1494252873563218                                    2003-02-19 00:00:00.000
201862           20107419391   RESISTENCIAS INDUSTRIALES EIRL                               01              01           E             B                    01                      00100005570         01                   236.0                                                 67.777139574956919                                    2003-02-20 00:00:00.000
201863           20260587081   INVERSIONES CHILLON SA                                       01              01           E             B                    01                      00200079538         01                   100.0                                                 28.719126938541066                                    2003-02-20 00:00:00.000
201864           20371826727   ESTACION DE SERVICIOS GRIFO MASTER S.R.L                     01              01           E             B                    01                      00100308870         01                   150.0                                                 43.0786904078116                                      2003-02-20 00:00:00.000
201865           10085916471   CESAR CHAFLOQUE NECIOSUP                                     01              01           E             B                    01                      00100001617         01                   72.799999999999997                                    20.907524411257896                                    2003-02-20 00:00:00.000
201866           20131380951   MUNICIPALIDAD METROPOLITANA DE LIMA                          01              01           E             B                    03                      H00436475           01                   4.0                                                   1.1487650775416427                                    2003-02-20 00:00:00.000
201867           10090128022   REYNALDO ALVA SAMANEZ.                                       01              01           E             B                    03                      00100001599         01                   8.0                                                   2.2981901752370009                                    2003-02-21 00:00:00.000
201868           10090128022   REYNALDO ALVA SAMANEZ.                                       01              01           E             B                    03                      00100001598         01                   5.2999999999999998                                    1.522550991094513                                     2003-02-21 00:00:00.000
201869           10090128022   REYNALDO ALVA SAMANEZ.                                       01              01           E             B                    03                      00100001597         01                   3.5                                                   1.0054582016661879                                    2003-02-21 00:00:00.000
201870           20376289215   OPERACIONES ARCOS DORADO  DE PERU S.A.                       01              01           E             B                    12                      300008851           01                   37.899999999999999                                    10.887675955185292                                    2003-02-21 00:00:00.000
201871           10061746761   JACINTO PAREDES TUPA                                         01              01           E             B                    01                      00400000066         01                   75.0                                                  21.545532892846882                                    2003-02-21 00:00:00.000
201872           20269982471   LINEA ITALIA EIRL                                            01              01           E             B                    01                      00100007781         01                   12.0                                                  3.4472852628555013                                    2003-02-21 00:00:00.000
201873           10256728546   LUNA RIVERA CESAR AUGUSTO                                    01              01           E             B                    01                      00100004647         01                   14.0                                                  4.0218328066647517                                    2003-02-21 00:00:00.000
201874           20130456660   FRENO SERVO E.I.R.L.                                         01              01           E             B                    01                      00100004405         01                   60.18                                                 17.288135593220339                                    2003-02-21 00:00:00.000
201875           10074383977   MARGARITA JUNCHAYA DE ROBLES                                 01              01           E             B                    01                      00100060593         01                   100.0                                                 28.727377190462512                                    2003-02-21 00:00:00.000
201876           20131380951   MUNICIPALIDAD METROPOLITANA DE LIMA                          01              01           E             B                    03                      H00455608           01                   4.0                                                   1.1490950876185004                                    2003-02-21 00:00:00.000
201877           20131380951   MUNICIPALIDAD METROPOLITANA DE LIMA                          01              01           E             B                    03                      H00452771           01                   4.0                                                   1.1490950876185004                                    2003-02-21 00:00:00.000
201878           20131380951   MUNICIPALIDAD METROPOLITANA DE LIMA                          01              01           E             B                    03                      H00464403           01                   4.0                                                   1.1490950876185004                                    2003-02-21 00:00:00.000
201879           10061787661   VICTOR OSWALDO CASTILLO CHANGA                               01              01           E             B                    02                      00200000086         01                   213.46000000000001                                    61.32145935076128                                     2003-02-22 00:00:00.000
201880           20426128129   MAURIGAS SA                                                  01              01           E             B                    01                      00100000447         01                   138.0                                                 39.643780522838263                                    2003-02-22 00:00:00.000
201881           20473935407   ESTACION DE SERVCIO LOS OLIVOS S.A.C.                        01              01           E             B                    01                      00200010169         01                   100.0                                                 28.727377190462512                                    2003-02-22 00:00:00.000
201882           20131380951   MUNICIPALIDAD METROPOLITANA DE LIMA                          01              01           E             B                    03                      H00447525           01                   4.0                                                   1.1490950876185004                                    2003-02-22 00:00:00.000
201883           20131380951   MUNICIPALIDAD METROPOLITANA DE LIMA                          01              01           E             B                    03                      H00466163           01                   4.0                                                   1.1490950876185004                                    2003-02-22 00:00:00.000
201884           10224460363   JAVIER ISIDRO PRESENTA                                       01              01           E             B                    03                      00100000247         01                   11.0                                                  3.1600114909508763                                    2003-02-24 00:00:00.000
201885           10074383977   MARGARITA JUNCHAYA DE ROBLES                                 01              01           E             B                    01                      00100060661         01                   100.0                                                 28.727377190462512                                    2003-02-24 00:00:00.000
201886           20371826727   ESTACION DE SERVICIOS GRIFO MASTER S.R.L                     01              01           E             B                    01                      00100309491         01                   100.0                                                 28.727377190462512                                    2003-02-24 00:00:00.000
201887           20131380951   MUNICIPALIDAD METROPOLITANA DE LIMA                          01              01           E             B                    03                      H00458554           01                   4.0                                                   1.1490950876185004                                    2003-02-24 00:00:00.000
201888           20131380951   MUNICIPALIDAD METROPOLITANA DE LIMA                          01              01           E             B                    03                      H00492459           01                   4.0                                                   1.1490950876185004                                    2003-02-24 00:00:00.000
201889           10103204955   LOUDELVI YAÑEZ ASPILCUETA                                    01              01           E             B                    01                      00200020507         01                   94.0                                                  27.011494252873565                                    2003-02-25 00:00:00.000
201890           20100016681   IMPORTACIONES HIRAOKA SA                                     01              02           E             B                    01                      07000099865         02                   69.599999999999994                                    20.0                                                  2003-02-25 00:00:00.000
201891           20117779379   SUMINISTROS TECNOLOGICOS EIRL                                01              02           E             B                    01                      00100016098         02                   139.19999999999999                                    40.0                                                  2003-02-25 00:00:00.000
201892           20295468514   COSMOS ENTERPRISES DEL PERU SA                               01              02           E             B                    01                      00300007486         02                   98.553600000000003                                    28.32                                                 2003-02-25 00:00:00.000
201893           10103204955   LOUDELVI YAÑEZ ASPILCUETA                                    01              01           E             B                    01                      00200020273         01                   250.0                                                 71.839080459770116                                    2003-02-25 00:00:00.000
201894           20131380951   MUNICIPALIDAD METROPOLITANA DE LIMA                          01              01           E             B                    03                      H00779331           01                   2.0                                                   0.57471264367816088                                   2003-02-25 00:00:00.000
201895           20131380951   MUNICIPALIDAD METROPOLITANA DE LIMA                          01              01           E             B                    03                      H00329700           01                   3.0                                                   0.86206896551724144                                   2003-02-25 00:00:00.000
201896           20131380951   MUNICIPALIDAD METROPOLITANA DE LIMA                          01              01           E             B                    03                      H00465168           01                   3.0                                                   0.86206896551724144                                   2003-02-25 00:00:00.000
201897           10085305901   POLLOS A LA BRASA PARRILLADAS CHIFA "LIL                     01              01           E             B                    03                      00500000772         01                   14.5                                                  4.1630778064886593                                    2003-02-26 00:00:00.000
201898           20473935407   ESTACION DE SERVCIO LOS OLIVOS S.A.C.                        01              01           E             B                    01                      00200010299         01                   100.0                                                 28.710881424059718                                    2003-02-26 00:00:00.000
201898           20473935407   ESTACION DE SERVCIO LOS OLIVOS S.A.C.                        01              01           E             B                    01                      00200010299         01                   100.0                                                 28.710881424059718                                    2003-02-26 00:00:00.000
201899           20334129595   GRIFO SERVITOR SA                                            01              01           E             B                    01                      00100217381         01                   50.0                                                  14.355440712029859                                    2003-02-26 00:00:00.000
201900           10107988900   JUAN ALBERTO JOAQUIN ALONZO                                  01              01           E             B                    01                      00300000208         01                   286.74000000000001                                    82.325581395348834                                    2003-02-26 00:00:00.000
201901           15503592808   EDGAR AUSBERTO CHUQUIMAJO BUITRON                            01              01           E             B                    02                      00100000054         01                   140.0                                                 40.195233993683608                                    2003-02-26 00:00:00.000
201902           10073193350   FIDEL DJALMA TORRES ZEVALLOS                                 01              01           E             B                    01                      00200030551         01                   400.0                                                 114.84352569623887                                    2003-02-26 00:00:00.000
201903           10090128022   REYNALDO ALVA SAMANEZ.                                       01              01           E             B                    03                      00100001602         01                   3.5                                                   1.00488084984209                                      2003-02-26 00:00:00.000
201904           20131380951   MUNICIPALIDAD METROPOLITANA DE LIMA                          01              01           E             B                    03                      H00469981           01                   4.0                                                   1.1484352569623888                                    2003-02-26 00:00:00.000
201905           20131380951   MUNICIPALIDAD METROPOLITANA DE LIMA                          01              01           E             B                    03                      H00466691           01                   4.0                                                   1.1484352569623888                                    2003-02-26 00:00:00.000
201906           20131380951   MUNICIPALIDAD METROPOLITANA DE LIMA                          01              01           E             B                    03                      H00494512           01                   4.0                                                   1.1484352569623888                                    2003-02-26 00:00:00.000
201907           20131380951   MUNICIPALIDAD METROPOLITANA DE LIMA                          01              01           E             B                    03                      H00477311           01                   4.0                                                   1.1484352569623888                                    2003-02-26 00:00:00.000
201908           20131380951   MUNICIPALIDAD METROPOLITANA DE LIMA                          01              01           E             B                    03                      H00440872           01                   4.0                                                   1.1484352569623888                                    2003-02-26 00:00:00.000
201909           20131380951   MUNICIPALIDAD METROPOLITANA DE LIMA                          01              01           E             B                    03                      H00153881           01                   4.0                                                   1.1484352569623888                                    2003-02-26 00:00:00.000
201910           10400330820   TAMASHIRO HIGA KARINA                                        01              01           E             B                    01                      00100023264         01                   37.799999999999997                                    10.855829982768523                                    2003-02-27 00:00:00.000
201911           20473935407   ESTACION DE SERVCIO LOS OLIVOS S.A.C.                        01              01           E             B                    01                      00100027706         01                   100.0                                                 28.719126938541066                                    2003-02-27 00:00:00.000
201912           20100016681   IMPORTACIONES HIRAOKA SA                                     01              01           E             B                    01                      00800058808         01                   1005.72                                               289.0                                                 2003-02-27 00:00:00.000
201913           20269982471   LINEA ITALIA EIRL                                            01              01           E             B                    01                      00100007848         01                   24.0                                                  6.8925904652498557                                    2003-02-27 00:00:00.000
201914           20269959810   DIDAIVC SRL                                                  01              01           E             B                    01                      00100035417         01                   13.0                                                  3.7334865020103387                                    2003-02-27 00:00:00.000
201915           20141569920   CIA. SERVICIOS TURISTICOS  EL MIRADOR S.A.                   01              01           E             B                    01                      00100002978         01                   174.0                                                 50.0                                                  2003-02-27 00:00:00.000
201916           20105992964   CIA. COMERCIAL MELCHORITA S.R.L.                             01              01           E             B                    01                      00100237896         01                   167.0                                                 47.960941987363583                                    2003-02-27 00:00:00.000
201917           10221850403   JULIA L. GALINDO PASACHE                                     01              01           E             B                    01                      00300018377         01                   50.0                                                  14.359563469270533                                    2003-02-27 00:00:00.000
201918           20100111838   GRIFO ESPINOZA S.A                                           01              01           E             B                    01                      03100032862         01                   174.0                                                 49.971280873061453                                    2003-02-27 00:00:00.000
201919           20100581711   IMPORTECNIA SA                                               01              02           E             B                    01                      00100051352         02                   388.27782000000002                                    111.51000000000001                                    2003-02-27 00:00:00.000
201920           10400330820   TAMASHIRO HIGA KARINA                                        01              01           E             B                    01                      00100023270         01                   29.899999999999999                                    8.5894857799482907                                    2003-02-28 00:00:00.000
201921           10400330820   TAMASHIRO HIGA KARINA                                        01              01           E             B                    01                      00100023271         01                   45.700000000000003                                    13.128411376041369                                    2003-02-28 00:00:00.000
201922           10090128022   REYNALDO ALVA SAMANEZ.                                       01              01           E             B                    03                      00100001609         01                   3.5                                                   1.0054582016661879                                    2003-02-28 00:00:00.000
201923           20415721677   C.I.A CAMPORSAL S.A                                          01              01           E             B                    01                      00200013028         01                   20.0                                                  5.7454754380925026                                    2003-02-28 00:00:00.000
201924           20371826727   ESTACION DE SERVICIOS GRIFO MASTER S.R.L                     01              01           E             B                    01                      00100310332         01                   150.0                                                 43.091065785693765                                    2003-02-28 00:00:00.000
201925           20100263425   ELECTRO CARBON  SAC                                          01              01           E             B                    01                      00100012969         01                   61.240000000000002                                    17.699421965317921                                    2003-02-28 00:00:00.000
201926           20100059496   CROMOX PERUANA SA                                            01              01           E             B                    01                      00300008128         01                   85.739999999999995                                    24.780346820809246                                    2003-02-28 00:00:00.000
201927           10090128022   REYNALDO ALVA SAMANEZ.                                       01              01           E             B                    03                      00100001606         01                   3.2999999999999998                                    0.94800344728526287                                   2003-02-28 00:00:00.000
201929           20131380951   MUNICIPALIDAD METROPOLITANA DE LIMA                          01              01           E             B                    03                      H00501407           01                   4.0                                                   1.1490950876185004                                    2003-02-28 00:00:00.000
201930           20131380951   MUNICIPALIDAD METROPOLITANA DE LIMA                          01              01           E             B                    03                      H00491141           01                   4.0                                                   1.1490950876185004                                    2003-02-28 00:00:00.000
201931           20131380951   MUNICIPALIDAD METROPOLITANA DE LIMA                          01              01           E             B                    03                      H00487455           01                   4.0                                                   1.1490950876185004                                    2003-02-28 00:00:00.000
201932           20131380951   MUNICIPALIDAD METROPOLITANA DE LIMA                          01              01           E             B                    03                      H00172343           01                   4.0                                                   1.1490950876185004                                    2003-02-28 00:00:00.000

(167 filas afectadas)

